Component: Arm Compiler for Embedded 6.18 Tool: armlink [5e4cc100]

==============================================================================

Section Cross References

    prise en main moteur.o(.text) refers (Special) to config moteur.o(.text) for MOTEUR_DROIT_INVERSE
    prise en main moteur.o(.text) refers to config switchers.o(.text) for SWITCHERS_INIT
    prise en main moteur.o(.text) refers to config bumper.o(.text) for BUMPERS_INIT
    prise en main moteur.o(.text) refers to config led.o(.text) for LED_INIT
    startup_armcm3.o(RESET) refers to startup_armcm3.o(STACK) for __initial_sp
    startup_armcm3.o(RESET) refers to startup_armcm3.o(.text) for Reset_Handler
    startup_armcm3.o(.text) refers to system_armcm3.o(.text.SystemInit) for SystemInit
    startup_armcm3.o(.text) refers to prise en main moteur.o(.text) for __main
    system_armcm3.o(.text.SystemCoreClockUpdate) refers to system_armcm3.o(.data.SystemCoreClock) for SystemCoreClock
    system_armcm3.o(.ARM.exidx.text.SystemCoreClockUpdate) refers to system_armcm3.o(.text.SystemCoreClockUpdate) for [Anonymous Symbol]
    system_armcm3.o(.text.SystemInit) refers to startup_armcm3.o(RESET) for __Vectors
    system_armcm3.o(.text.SystemInit) refers to system_armcm3.o(.data.SystemCoreClock) for SystemCoreClock
    system_armcm3.o(.ARM.exidx.text.SystemInit) refers to system_armcm3.o(.text.SystemInit) for [Anonymous Symbol]


==============================================================================

Removing Unused input sections from the image.

    Removing startup_armcm3.o(HEAP), (3072 bytes).
    Removing system_armcm3.o(.text), (0 bytes).
    Removing system_armcm3.o(.text.SystemCoreClockUpdate), (20 bytes).
    Removing system_armcm3.o(.ARM.exidx.text.SystemCoreClockUpdate), (8 bytes).
    Removing system_armcm3.o(.ARM.exidx.text.SystemInit), (8 bytes).

5 unused section(s) (total 3108 bytes) removed from the image.

==============================================================================

Image Symbol Table

    Local Symbols

    Symbol Name                              Value     Ov Type        Size  Object(Section)

    Config Bumper.s                          0x00000000   Number         0  config bumper.o ABSOLUTE
    Config LED.s                             0x00000000   Number         0  config led.o ABSOLUTE
    Config Moteur.s                          0x00000000   Number         0  config moteur.o ABSOLUTE
    Config Switchers.s                       0x00000000   Number         0  config switchers.o ABSOLUTE
    Prise en main moteur.s                   0x00000000   Number         0  prise en main moteur.o ABSOLUTE
    RTE/Device/ARMCM3/startup_ARMCM3.s       0x00000000   Number         0  startup_armcm3.o ABSOLUTE
    system_ARMCM3.c                          0x00000000   Number         0  system_armcm3.o ABSOLUTE
    RESET                                    0x00000000   Section      960  startup_armcm3.o(RESET)
    .text                                    0x000003c0   Section      484  config moteur.o(.text)
    .text                                    0x000005a4   Section      388  prise en main moteur.o(.text)
    .text                                    0x00000728   Section       44  config bumper.o(.text)
    .text                                    0x00000754   Section       32  config switchers.o(.text)
    .text                                    0x00000774   Section      104  config led.o(.text)
    .text                                    0x000007dc   Section       56  startup_armcm3.o(.text)
    [Anonymous Symbol]                       0x00000814   Section        0  system_armcm3.o(.text.SystemInit)
    STACK                                    0x20000008   Section     1024  startup_armcm3.o(STACK)

    Global Symbols

    Symbol Name                              Value     Ov Type        Size  Object(Section)

    BuildAttributes$$THM_ISAv4$P$D$K$B$S$PE$A:L22UL41UL21$X:L11$S22US41US21$IEEE1$IW$~IW$USESV6$~STKCKD$USESV7$~SHL$OSPACE$EBA8$MICROLIB$REQ8$PRES8$EABIv2 0x00000000   Number         0  anon$$obj.o ABSOLUTE
    __Vectors                                0x00000000   Data           4  startup_armcm3.o(RESET)
    MOTEUR_INIT                              0x000003c1   Thumb Code     0  config moteur.o(.text)
    __Vectors_End                            0x000003c0   Data           0  startup_armcm3.o(RESET)
    __Vectors_Size                           0x000003c0   Number         0  startup_armcm3.o ABSOLUTE
    MOTEUR_DROIT_ON                          0x000004c5   Thumb Code     0  config moteur.o(.text)
    MOTEUR_DROIT_OFF                         0x000004d1   Thumb Code     0  config moteur.o(.text)
    MOTEUR_GAUCHE_ON                         0x000004dd   Thumb Code     0  config moteur.o(.text)
    MOTEUR_GAUCHE_OFF                        0x000004e9   Thumb Code     0  config moteur.o(.text)
    MOTEUR_DROIT_ARRIERE                     0x000004f5   Thumb Code     0  config moteur.o(.text)
    MOTEUR_DROIT_AVANT                       0x000004ff   Thumb Code     0  config moteur.o(.text)
    MOTEUR_GAUCHE_ARRIERE                    0x00000509   Thumb Code     0  config moteur.o(.text)
    MOTEUR_GAUCHE_AVANT                      0x00000513   Thumb Code     0  config moteur.o(.text)
    MOTEUR_DROIT_INVERSE                     0x0000051d   Thumb Code     0  config moteur.o(.text)
    MOTEUR_GAUCHE_INVERSE                    0x00000529   Thumb Code     0  config moteur.o(.text)
    __main                                   0x000005a5   Thumb Code     0  prise en main moteur.o(.text)
    BUMPERS_INIT                             0x00000729   Thumb Code     0  config bumper.o(.text)
    SWITCHERS_INIT                           0x00000755   Thumb Code     0  config switchers.o(.text)
    LED_INIT                                 0x00000775   Thumb Code     0  config led.o(.text)
    TURN_ON_BOTH                             0x000007a3   Thumb Code     0  config led.o(.text)
    TURN_OFF_BOTH                            0x000007ad   Thumb Code     0  config led.o(.text)
    TURN_ON_LEFT                             0x000007b7   Thumb Code     0  config led.o(.text)
    TURN_ON_RIGHT                            0x000007c1   Thumb Code     0  config led.o(.text)
    Reset_Handler                            0x000007dd   Thumb Code     8  startup_armcm3.o(.text)
    HardFault_Handler                        0x000007e5   Thumb Code     2  startup_armcm3.o(.text)
    NMI_Handler                              0x000007e7   Thumb Code     2  startup_armcm3.o(.text)
    MemManage_Handler                        0x000007e9   Thumb Code     2  startup_armcm3.o(.text)
    BusFault_Handler                         0x000007eb   Thumb Code     2  startup_armcm3.o(.text)
    UsageFault_Handler                       0x000007ed   Thumb Code     2  startup_armcm3.o(.text)
    SVC_Handler                              0x000007ef   Thumb Code     2  startup_armcm3.o(.text)
    DebugMon_Handler                         0x000007f1   Thumb Code     2  startup_armcm3.o(.text)
    PendSV_Handler                           0x000007f3   Thumb Code     2  startup_armcm3.o(.text)
    SysTick_Handler                          0x000007f5   Thumb Code     2  startup_armcm3.o(.text)
    Interrupt0_Handler                       0x000007f7   Thumb Code     2  startup_armcm3.o(.text)
    Interrupt1_Handler                       0x000007f9   Thumb Code     2  startup_armcm3.o(.text)
    Interrupt2_Handler                       0x000007fb   Thumb Code     2  startup_armcm3.o(.text)
    Interrupt3_Handler                       0x000007fd   Thumb Code     2  startup_armcm3.o(.text)
    Interrupt4_Handler                       0x000007ff   Thumb Code     2  startup_armcm3.o(.text)
    Interrupt5_Handler                       0x00000801   Thumb Code     2  startup_armcm3.o(.text)
    Interrupt6_Handler                       0x00000803   Thumb Code     2  startup_armcm3.o(.text)
    Interrupt7_Handler                       0x00000805   Thumb Code     2  startup_armcm3.o(.text)
    Interrupt8_Handler                       0x00000807   Thumb Code     2  startup_armcm3.o(.text)
    Interrupt9_Handler                       0x00000809   Thumb Code     2  startup_armcm3.o(.text)
    SystemInit                               0x00000815   Thumb Code    38  system_armcm3.o(.text.SystemInit)
    SystemCoreClock                          0x20000000   Data           4  system_armcm3.o(.data.SystemCoreClock)
    __stack_limit                            0x20000008   Data           0  startup_armcm3.o(STACK)
    __initial_sp                             0x20000408   Data           0  startup_armcm3.o(STACK)



==============================================================================

Memory Map of the image

  Image Entry point : 0x000007dd

  Load Region LR_1 (Base: 0x00000000, Size: 0x00000840, Max: 0xffffffff, ABSOLUTE)

    Execution Region ER_RO (Exec base: 0x00000000, Load base: 0x00000000, Size: 0x0000083c, Max: 0xffffffff, ABSOLUTE)

    Exec Addr    Load Addr    Size         Type   Attr      Idx    E Section Name        Object

    0x00000000   0x00000000   0x000003c0   Data   RO           20    RESET               startup_armcm3.o
    0x000003c0   0x000003c0   0x000001e4   Code   RO            1  * .text               config moteur.o
    0x000005a4   0x000005a4   0x00000184   Code   RO            6  * .text               prise en main moteur.o
    0x00000728   0x00000728   0x0000002c   Code   RO            9  * .text               config bumper.o
    0x00000754   0x00000754   0x00000020   Code   RO           12  * .text               config switchers.o
    0x00000774   0x00000774   0x00000068   Code   RO           15  * .text               config led.o
    0x000007dc   0x000007dc   0x00000038   Code   RO           21  * .text               startup_armcm3.o
    0x00000814   0x00000814   0x00000026   Code   RO           28    .text.SystemInit    system_armcm3.o


    Execution Region ER_RW (Exec base: 0x20000000, Load base: 0x0000083c, Size: 0x00000004, Max: 0xffffffff, ABSOLUTE)

    Exec Addr    Load Addr    Size         Type   Attr      Idx    E Section Name        Object

    0x20000000   0x0000083c   0x00000004   Data   RW           30    .data.SystemCoreClock  system_armcm3.o


    Execution Region ER_ZI (Exec base: 0x20000008, Load base: 0x00000840, Size: 0x00000400, Max: 0xffffffff, ABSOLUTE)

    Exec Addr    Load Addr    Size         Type   Attr      Idx    E Section Name        Object

    0x20000008        -       0x00000400   Zero   RW           18    STACK               startup_armcm3.o


==============================================================================

Image component sizes


      Code (inc. data)   RO Data    RW Data    ZI Data      Debug   Object Name

        44         14          0          0          0        268   config bumper.o
       104         16          0          0          0        276   config led.o
       484        112          0          0          0        444   config moteur.o
        32         12          0          0          0        276   config switchers.o
       388         26          0          0          0        380   prise en main moteur.o
        56         10        960          0       1024       1208   startup_armcm3.o
        38          0          0          4          0       1402   system_armcm3.o

    ----------------------------------------------------------------------
      1148        190        960          4       1024       4254   Object Totals
         0          0          0          0          0          0   (incl. Generated)
         2          0          0          0          0          0   (incl. Padding)

    ----------------------------------------------------------------------
         0          0          0          0          0          0   Library Totals
         0          0          0          0          0          0   (incl. Padding)

    ----------------------------------------------------------------------

==============================================================================


      Code (inc. data)   RO Data    RW Data    ZI Data      Debug   

      1148        190        960          4       1024       4254   Grand Totals
      1148        190        960          4       1024       4254   ELF Image Totals
      1148        190        960          4          0          0   ROM Totals

==============================================================================

    Total RO  Size (Code + RO Data)                 2108 (   2.06kB)
    Total RW  Size (RW Data + ZI Data)              1028 (   1.00kB)
    Total ROM Size (Code + RO Data + RW Data)       2112 (   2.06kB)

==============================================================================

